[    0.000000] Linux version 4.15.0-39-generic (buildd@lgw01-amd64-054) (gcc version 7.3.0 (Ubuntu 7.3.0-16ubuntu3)) #42-Ubuntu SMP Tue Oct 23 15:48:01 UTC 2018 (Ubuntu 4.15.0-39.42-generic 4.15.18)
[    0.000000] Command line: BOOT_IMAGE=/boot/vmlinuz-4.15.0-39-generic root=UUID=e84f4d15-c041-4927-809a-c1a45c8f5601 ro console=tty1 console=ttyS0
[    0.000000] KERNEL supported cpus:
[    0.000000]   Intel GenuineIntel
[    0.000000]   AMD AuthenticAMD
[    0.000000]   Centaur CentaurHauls
[    0.000000] x86/fpu: Supporting XSAVE feature 0x001: 'x87 floating point registers'
[    0.000000] x86/fpu: Supporting XSAVE feature 0x002: 'SSE registers'
[    0.000000] x86/fpu: Supporting XSAVE feature 0x004: 'AVX registers'
[    0.000000] x86/fpu: xstate_offset[2]:  576, xstate_sizes[2]:  256
[    0.000000] x86/fpu: Enabled xstate features 0x7, context size is 832 bytes, using 'standard' format.
[    0.000000] e820: BIOS-provided physical RAM map:
[    0.000000] BIOS-e820: [mem 0x0000000000000000-0x000000000009fbff] usable
[    0.000000] BIOS-e820: [mem 0x000000000009fc00-0x000000000009ffff] reserved
[    0.000000] BIOS-e820: [mem 0x00000000000f0000-0x00000000000fffff] reserved
[    0.000000] BIOS-e820: [mem 0x0000000000100000-0x000000003ffeffff] usable
[    0.000000] BIOS-e820: [mem 0x000000003fff0000-0x000000003fffffff] ACPI data
[    0.000000] BIOS-e820: [mem 0x00000000fec00000-0x00000000fec00fff] reserved
[    0.000000] BIOS-e820: [mem 0x00000000fee00000-0x00000000fee00fff] reserved
[    0.000000] BIOS-e820: [mem 0x00000000fffc0000-0x00000000ffffffff] reserved
[    0.000000] NX (Execute Disable) protection: active
[    0.000000] SMBIOS 2.5 present.
[    0.000000] DMI: innotek GmbH VirtualBox/VirtualBox, BIOS VirtualBox 12/01/2006
[    0.000000] Hypervisor detected: KVM
[    0.000000] e820: last_pfn = 0x3fff0 max_arch_pfn = 0x400000000
[    0.000000] MTRR: Disabled
[    0.000000] x86/PAT: MTRRs disabled, skipping PAT initialization too.
[    0.000000] CPU MTRRs all blank - virtualized system.
[    0.000000] x86/PAT: Configuration [0-7]: WB  WT  UC- UC  WB  WT  UC- UC  
[    0.000000] found SMP MP-table at [mem 0x0009fff0-0x0009ffff] mapped at [        (ptrval)]
[    0.000000] Scanning 1 areas for low memory corruption
[    0.000000] RAMDISK: [mem 0x314ad000-0x34a4dfff]
[    0.000000] ACPI: Early table checksum verification disabled
[    0.000000] ACPI: RSDP 0x00000000000E0000 000024 (v02 VBOX  )
[    0.000000] ACPI: XSDT 0x000000003FFF0030 00003C (v01 VBOX   VBOXXSDT 00000001 ASL  00000061)
[    0.000000] ACPI: FACP 0x000000003FFF00F0 0000F4 (v04 VBOX   VBOXFACP 00000001 ASL  00000061)
[    0.000000] ACPI: DSDT 0x000000003FFF0470 0021FF (v02 VBOX   VBOXBIOS 00000002 INTL 20180105)
[    0.000000] ACPI: FACS 0x000000003FFF0200 000040
[    0.000000] ACPI: FACS 0x000000003FFF0200 000040
[    0.000000] ACPI: APIC 0x000000003FFF0240 00005C (v02 VBOX   VBOXAPIC 00000001 ASL  00000061)
[    0.000000] ACPI: SSDT 0x000000003FFF02A0 0001CC (v01 VBOX   VBOXCPUT 00000002 INTL 20180105)
[    0.000000] No NUMA configuration found
[    0.000000] Faking a node at [mem 0x0000000000000000-0x000000003ffeffff]
[    0.000000] NODE_DATA(0) allocated [mem 0x3ffc5000-0x3ffeffff]
[    0.000000] kvm-clock: cpu 0, msr 0:3ff44001, primary cpu clock
[    0.000000] kvm-clock: Using msrs 4b564d01 and 4b564d00
[    0.000000] kvm-clock: using sched offset of 4916250397 cycles
[    0.000000] clocksource: kvm-clock: mask: 0xffffffffffffffff max_cycles: 0x1cd42e4dffb, max_idle_ns: 881590591483 ns
[    0.000000] Zone ranges:
[    0.000000]   DMA      [mem 0x0000000000001000-0x0000000000ffffff]
[    0.000000]   DMA32    [mem 0x0000000001000000-0x000000003ffeffff]
[    0.000000]   Normal   empty
[    0.000000]   Device   empty
[    0.000000] Movable zone start for each node
[    0.000000] Early memory node ranges
[    0.000000]   node   0: [mem 0x0000000000001000-0x000000000009efff]
[    0.000000]   node   0: [mem 0x0000000000100000-0x000000003ffeffff]
[    0.000000] Initmem setup node 0 [mem 0x0000000000001000-0x000000003ffeffff]
[    0.000000] Reserved but unavailable: 98 pages
[    0.000000] ACPI: PM-Timer IO Port: 0x4008
[    0.000000] IOAPIC[0]: apic_id 2, version 32, address 0xfec00000, GSI 0-23
[    0.000000] ACPI: INT_SRC_OVR (bus 0 bus_irq 0 global_irq 2 dfl dfl)
[    0.000000] ACPI: INT_SRC_OVR (bus 0 bus_irq 9 global_irq 9 low level)
[    0.000000] Using ACPI (MADT) for SMP configuration information
[    0.000000] smpboot: Allowing 2 CPUs, 0 hotplug CPUs
[    0.000000] PM: Registered nosave memory: [mem 0x00000000-0x00000fff]
[    0.000000] PM: Registered nosave memory: [mem 0x0009f000-0x0009ffff]
[    0.000000] PM: Registered nosave memory: [mem 0x000a0000-0x000effff]
[    0.000000] PM: Registered nosave memory: [mem 0x000f0000-0x000fffff]
[    0.000000] e820: [mem 0x40000000-0xfebfffff] available for PCI devices
[    0.000000] Booting paravirtualized kernel on KVM
[    0.000000] clocksource: refined-jiffies: mask: 0xffffffff max_cycles: 0xffffffff, max_idle_ns: 7645519600211568 ns
[    0.000000] random: get_random_bytes called from start_kernel+0x99/0x4fd with crng_init=0
[    0.000000] setup_percpu: NR_CPUS:8192 nr_cpumask_bits:2 nr_cpu_ids:2 nr_node_ids:1
[    0.000000] percpu: Embedded 46 pages/cpu @        (ptrval) s151552 r8192 d28672 u1048576
[    0.000000] PV qspinlock hash table entries: 256 (order: 0, 4096 bytes)
[    0.000000] Built 1 zonelists, mobility grouping on.  Total pages: 257913
[    0.000000] Policy zone: DMA32
[    0.000000] Kernel command line: BOOT_IMAGE=/boot/vmlinuz-4.15.0-39-generic root=UUID=e84f4d15-c041-4927-809a-c1a45c8f5601 ro console=tty1 console=ttyS0
[    0.000000] Memory: 947668K/1048120K available (12300K kernel code, 2472K rwdata, 4248K rodata, 2408K init, 2416K bss, 100452K reserved, 0K cma-reserved)
[    0.000000] SLUB: HWalign=64, Order=0-3, MinObjects=0, CPUs=2, Nodes=1
[    0.000000] Kernel/User page tables isolation: enabled
[    0.000000] ftrace: allocating 39178 entries in 154 pages
[    0.004000] Hierarchical RCU implementation.
[    0.004000] 	RCU restricting CPUs from NR_CPUS=8192 to nr_cpu_ids=2.
[    0.004000] 	Tasks RCU enabled.
[    0.004000] RCU: Adjusting geometry for rcu_fanout_leaf=16, nr_cpu_ids=2
[    0.004000] NR_IRQS: 524544, nr_irqs: 440, preallocated irqs: 16
[    0.004000] Console: colour VGA+ 80x25
[    0.004000] console [tty1] enabled
[    0.004000] console [ttyS0] enabled
[    0.004000] ACPI: Core revision 20170831
[    0.004000] ACPI: 2 ACPI AML tables successfully acquired and loaded
[    0.004000] APIC: Switch to symmetric I/O mode setup
[    0.004000] x2apic enabled
[    0.004000] Switched APIC routing to physical x2apic.
[    0.007013] ..TIMER: vector=0x30 apic1=0 pin1=2 apic2=-1 pin2=-1
[    0.008002] tsc: Detected 2207.998 MHz processor
[    0.012008] Calibrating delay loop (skipped) preset value.. 4415.99 BogoMIPS (lpj=8831992)
[    0.014617] pid_max: default: 32768 minimum: 301
[    0.016029] Security Framework initialized
[    0.020002] Yama: becoming mindful.
[    0.022907] AppArmor: AppArmor initialized
[    0.023821] Dentry cache hash table entries: 131072 (order: 8, 1048576 bytes)
[    0.024050] Inode-cache hash table entries: 65536 (order: 7, 524288 bytes)
[    0.025377] Mount-cache hash table entries: 2048 (order: 2, 16384 bytes)
[    0.028005] Mountpoint-cache hash table entries: 2048 (order: 2, 16384 bytes)
[    0.032172] mce: CPU supports 0 MCE banks
[    0.032984] Last level iTLB entries: 4KB 64, 2MB 8, 4MB 8
[    0.036002] Last level dTLB entries: 4KB 64, 2MB 0, 4MB 0, 1GB 4
[    0.037268] Spectre V2 : Mitigation: Full generic retpoline
[    0.040002] Spectre V2 : Spectre v2 / SpectreRSB mitigation: Filling RSB on context switch
[    0.044002] Speculative Store Bypass: Vulnerable
[    0.044976] Freeing SMP alternatives memory: 36K
[    0.052000] smpboot: CPU0: Intel(R) Core(TM) i7-8750H CPU @ 2.20GHz (family: 0x6, model: 0x9e, stepping: 0xa)
[    0.052000] Performance Events: unsupported p6 CPU model 158 no PMU driver, software events only.
[    0.052031] Hierarchical SRCU implementation.
[    0.053346] NMI watchdog: Perf event create on CPU 0 failed with -2
[    0.056002] NMI watchdog: Perf NMI watchdog permanently disabled
[    0.057185] smp: Bringing up secondary CPUs ...
[    0.058362] x86: Booting SMP configuration:
[    0.060002] .... node  #0, CPUs:      #1
[    0.004000] kvm-clock: cpu 1, msr 0:3ff44041, secondary cpu clock
[    0.004000] mce: CPU supports 0 MCE banks
[    0.096018] smp: Brought up 1 node, 2 CPUs
[    0.100004] smpboot: Max logical packages: 1
[    0.104003] smpboot: Total of 2 processors activated (8831.99 BogoMIPS)
[    0.109570] devtmpfs: initialized
[    0.112042] x86/mm: Memory block size: 128MB
[    0.113215] evm: security.selinux
[    0.116002] evm: security.SMACK64
[    0.116673] evm: security.SMACK64EXEC
[    0.120003] evm: security.SMACK64TRANSMUTE
[    0.121044] evm: security.SMACK64MMAP
[    0.121779] evm: security.apparmor
[    0.122465] evm: security.ima
[    0.124001] evm: security.capability
[    0.128063] clocksource: jiffies: mask: 0xffffffff max_cycles: 0xffffffff, max_idle_ns: 7645041785100000 ns
[    0.132006] futex hash table entries: 512 (order: 3, 32768 bytes)
[    0.140036] pinctrl core: initialized pinctrl subsystem
[    0.144700] RTC time: 19:50:43, date: 11/25/18
[    0.145708] NET: Registered protocol family 16
[    0.148181] audit: initializing netlink subsys (disabled)
[    0.156000] audit: type=2000 audit(1543175449.715:1): state=initialized audit_enabled=0 res=1
[    0.160004] cpuidle: using governor ladder
[    0.160825] cpuidle: using governor menu
[    0.164034] ACPI: bus type PCI registered
[    0.164911] acpiphp: ACPI Hot Plug PCI Controller Driver version: 0.5
[    0.168075] PCI: Using configuration type 1 for base access
[    0.180009] HugeTLB registered 2.00 MiB page size, pre-allocated 0 pages
[    0.188061] ACPI: Added _OSI(Module Device)
[    0.188939] ACPI: Added _OSI(Processor Device)
[    0.192008] ACPI: Added _OSI(3.0 _SCP Extensions)
[    0.192934] ACPI: Added _OSI(Processor Aggregator Device)
[    0.196006] ACPI: Added _OSI(Linux-Dell-Video)
[    0.196895] ACPI: Added _OSI(Linux-Lenovo-NV-HDMI-Audio)
[    0.204189] ACPI: Executed 1 blocks of module-level executable AML code
[    0.210305] ACPI: Interpreter enabled
[    0.211065] ACPI: (supports S0 S5)
[    0.212003] ACPI: Using IOAPIC for interrupt routing
[    0.213313] PCI: Using host bridge windows from ACPI; if necessary, use "pci=nocrs" and report a bug
[    0.220119] ACPI: Enabled 2 GPEs in block 00 to 07
[    0.231791] ACPI: PCI Root Bridge [PCI0] (domain 0000 [bus 00-ff])
[    0.232006] acpi PNP0A03:00: _OSC: OS supports [ASPM ClockPM Segments MSI]
[    0.236026] acpi PNP0A03:00: _OSC: not requesting OS control; OS requires [ExtendedConfig ASPM ClockPM MSI]
[    0.240011] acpi PNP0A03:00: fail to add MMCONFIG information, can't access extended PCI configuration space under this bridge.
[    0.248120] PCI host bridge to bus 0000:00
[    0.248952] pci_bus 0000:00: root bus resource [io  0x0000-0x0cf7 window]
[    0.252004] pci_bus 0000:00: root bus resource [io  0x0d00-0xffff window]
[    0.253591] pci_bus 0000:00: root bus resource [mem 0x000a0000-0x000bffff window]
[    0.256005] pci_bus 0000:00: root bus resource [mem 0x40000000-0xfdffffff window]
[    0.260004] pci_bus 0000:00: root bus resource [bus 00-ff]
[    0.264543] pci 0000:00:01.1: legacy IDE quirk: reg 0x10: [io  0x01f0-0x01f7]
[    0.268004] pci 0000:00:01.1: legacy IDE quirk: reg 0x14: [io  0x03f6]
[    0.270773] pci 0000:00:01.1: legacy IDE quirk: reg 0x18: [io  0x0170-0x0177]
[    0.276003] pci 0000:00:01.1: legacy IDE quirk: reg 0x1c: [io  0x0376]
[    0.296830] pci 0000:00:07.0: quirk: [io  0x4000-0x403f] claimed by PIIX4 ACPI
[    0.300012] pci 0000:00:07.0: quirk: [io  0x4100-0x410f] claimed by PIIX4 SMB
[    0.316964] ACPI: PCI Interrupt Link [LNKA] (IRQs 5 9 10 *11)
[    0.320268] ACPI: PCI Interrupt Link [LNKB] (IRQs 5 9 *10 11)
[    0.321486] ACPI: PCI Interrupt Link [LNKC] (IRQs 5 *9 10 11)
[    0.324079] ACPI: PCI Interrupt Link [LNKD] (IRQs 5 9 10 *11)
[    0.331961] SCSI subsystem initialized
[    0.336062] pci 0000:00:02.0: vgaarb: setting as boot VGA device
[    0.337400] pci 0000:00:02.0: vgaarb: VGA device added: decodes=io+mem,owns=io+mem,locks=none
[    0.344004] pci 0000:00:02.0: vgaarb: bridge control possible
[    0.344004] vgaarb: loaded
[    0.346795] ACPI: bus type USB registered
[    0.348018] usbcore: registered new interface driver usbfs
[    0.356016] usbcore: registered new interface driver hub
[    0.357444] usbcore: registered new device driver usb
[    0.364020] EDAC MC: Ver: 3.0.0
[    0.368034] PCI: Using ACPI for IRQ routing
[    0.372000] NetLabel: Initializing
[    0.376002] NetLabel:  domain hash size = 128
[    0.376002] NetLabel:  protocols = UNLABELED CIPSOv4 CALIPSO
[    0.377225] NetLabel:  unlabeled traffic allowed by default
[    0.392203] clocksource: Switched to clocksource kvm-clock
[    0.421983] VFS: Disk quotas dquot_6.6.0
[    0.422820] VFS: Dquot-cache hash table entries: 512 (order 0, 4096 bytes)
[    0.430022] AppArmor: AppArmor Filesystem Enabled
[    0.432235] pnp: PnP ACPI init
[    0.435058] pnp: PnP ACPI: found 3 devices
[    0.507115] clocksource: acpi_pm: mask: 0xffffff max_cycles: 0xffffff, max_idle_ns: 2085701024 ns
[    0.512961] NET: Registered protocol family 2
[    0.519053] TCP established hash table entries: 8192 (order: 4, 65536 bytes)
[    0.522588] TCP bind hash table entries: 8192 (order: 5, 131072 bytes)
[    0.523922] TCP: Hash tables configured (established 8192 bind 8192)
[    0.529388] UDP hash table entries: 512 (order: 2, 16384 bytes)
[    0.530545] UDP-Lite hash table entries: 512 (order: 2, 16384 bytes)
[    0.531800] NET: Registered protocol family 1
[    0.536336] pci 0000:00:00.0: Limiting direct PCI/PCI transfers
[    0.537621] pci 0000:00:01.0: Activating ISA DMA hang workarounds
[    0.538843] pci 0000:00:02.0: Video device with shadowed ROM at [mem 0x000c0000-0x000dffff]
[    0.545709] Unpacking initramfs...
[    1.959389] Freeing initrd memory: 54916K
[    1.960417] platform rtc_cmos: registered platform RTC device (no PNP device found)
[    1.968174] Scanning for low memory corruption every 60 seconds
[    1.978136] Initialise system trusted keyrings
[    1.979092] Key type blacklist registered
[    1.984076] workingset: timestamp_bits=36 max_order=18 bucket_order=0
[    1.988067] zbud: loaded
[    1.993448] squashfs: version 4.0 (2009/01/31) Phillip Lougher
[    1.994784] fuse init (API version 7.26)
[    2.013453] Key type asymmetric registered
[    2.015725] Asymmetric key parser 'x509' registered
[    2.021002] Block layer SCSI generic (bsg) driver version 0.4 loaded (major 246)
[    2.027904] io scheduler noop registered
[    2.028888] io scheduler deadline registered
[    2.032684] io scheduler cfq registered (default)
[    2.033854] ACPI: AC Adapter [AC] (on-line)
[    2.037216] input: Power Button as /devices/LNXSYSTM:00/LNXPWRBN:00/input/input0
[    2.046766] ACPI: Power Button [PWRF]
[    2.047607] input: Sleep Button as /devices/LNXSYSTM:00/LNXSLPBN:00/input/input1
[    2.056153] ACPI: Sleep Button [SLPF]
[    2.058803] Serial: 8250/16550 driver, 32 ports, IRQ sharing enabled
[    2.099533] 00:02: ttyS0 at I/O 0x3f8 (irq = 4, base_baud = 115200) is a 16550A
[    2.107218] Linux agpgart interface v0.103
[    2.115785] loop: module loaded
[    2.124677] scsi host0: ata_piix
[    2.128582] scsi host1: ata_piix
[    2.129319] ata1: PATA max UDMA/33 cmd 0x1f0 ctl 0x3f6 bmdma 0xd000 irq 14
[    2.131766] ata2: PATA max UDMA/33 cmd 0x170 ctl 0x376 bmdma 0xd008 irq 15
[    2.140697] libphy: Fixed MDIO Bus: probed
[    2.141901] tun: Universal TUN/TAP device driver, 1.6
[    2.143174] PPP generic driver version 2.4.2
[    2.149079] ehci_hcd: USB 2.0 'Enhanced' Host Controller (EHCI) Driver
[    2.154204] ehci-pci: EHCI PCI platform driver
[    2.157362] ehci-platform: EHCI generic platform driver
[    2.158408] ohci_hcd: USB 1.1 'Open' Host Controller (OHCI) Driver
[    2.161900] ohci-pci: OHCI PCI platform driver
[    2.162808] ohci-platform: OHCI generic platform driver
[    2.165666] uhci_hcd: USB Universal Host Controller Interface driver
[    2.167074] i8042: PNP: PS/2 Controller [PNP0303:PS2K,PNP0f03:PS2M] at 0x60,0x64 irq 1,12
[    2.175336] serio: i8042 KBD port at 0x60,0x64 irq 1
[    2.176802] serio: i8042 AUX port at 0x60,0x64 irq 12
[    2.179222] mousedev: PS/2 mouse device common for all mice
[    2.184751] input: AT Translated Set 2 keyboard as /devices/platform/i8042/serio0/input/input2
[    2.188249] rtc_cmos rtc_cmos: rtc core: registered rtc_cmos as rtc0
[    2.188295] rtc_cmos rtc_cmos: alarms up to one day, 114 bytes nvram
[    2.188301] i2c /dev entries driver
[    2.188304] pcie_mp2_amd: AMD(R) PCI-E MP2 Communication Driver Version: 1.0
[    2.188354] device-mapper: uevent: version 1.0.3
[    2.188389] device-mapper: ioctl: 4.37.0-ioctl (2017-09-20) initialised: dm-devel@redhat.com
[    2.212621] ledtrig-cpu: registered to indicate activity on CPUs
[    2.217018] NET: Registered protocol family 10
[    2.230808] Segment Routing with IPv6
[    2.231709] NET: Registered protocol family 17
[    2.234808] Key type dns_resolver registered
[    2.238390] RAS: Correctable Errors collector initialized.
[    2.239761] sched_clock: Marking stable (2238359760, 0)->(2718766086, -480406326)
[    2.244470] registered taskstats version 1
[    2.249152] Loading compiled-in X.509 certificates
[    2.272229] Loaded X.509 cert 'Build time autogenerated kernel key: 28c680bedc8638650c29d29ff1fd33ae66a2014d'
[    2.274305] zswap: loaded using pool lzo/zbud
[    2.300372] Key type big_key registered
[    2.301304] Key type trusted registered
[    2.317931] Key type encrypted registered
[    2.324977] AppArmor: AppArmor sha1 policy hashing enabled
[    2.326193] ima: No TPM chip found, activating TPM-bypass! (rc=-19)
[    2.327545] ima: Allocated hash algorithm: sha1
[    2.328762] evm: HMAC attrs: 0x1
[    2.329582]   Magic number: 10:713:850
[    2.330343]  index2: hash matches
[    2.334745]  index2: hash matches
[    2.338547] rtc_cmos rtc_cmos: setting system clock to 2018-11-25 19:50:45 UTC (1543175445)
[    2.346648] BIOS EDD facility v0.16 2004-Jun-25, 0 devices found
[    2.349840] EDD information not available.
[    2.357087] Freeing unused kernel memory: 2408K
[    2.376126] Write protecting the kernel read-only data: 20480k
[    2.377800] Freeing unused kernel memory: 2008K
[    2.384784] Freeing unused kernel memory: 1896K
[    2.394324] x86/mm: Checked W+X mappings: passed, no W+X pages found.
[    2.395608] x86/mm: Checking user space page tables
[    2.403059] x86/mm: Checked W+X mappings: passed, no W+X pages found.
Loading, please wait...
starting version 237
[    2.985070] tsc: Refined TSC clocksource calibration: 2218.606 MHz
[    2.986439] clocksource: tsc: mask: 0xffffffffffffffff max_cycles: 0x1ffadb53c1e, max_idle_ns: 440795300073 ns
[    3.241957] piix4_smbus 0000:00:07.0: SMBus Host Controller at 0x4100, revision 0
[    3.288674] e1000: Intel(R) PRO/1000 Network Driver - version 7.3.21-k8-NAPI
[    3.290207] e1000: Copyright (c) 1999-2006 Intel Corporation.
[    3.572868] input: ImExPS/2 Generic Explorer Mouse as /devices/platform/i8042/serio1/input/input4
[    3.616214] ACPI: Video Device [GFX0] (multi-head: yes  rom: no  post: no)
[    3.641976] input: Video Bus as /devices/LNXSYSTM:00/LNXSYBUS:00/PNP0A03:00/LNXVIDEO:00/input/input5
[    4.046195] Fusion MPT base driver 3.04.20
[    4.052040] Copyright (c) 1999-2008 LSI Corporation
[    4.564693] AVX2 version of gcm_enc/dec engaged.
[    4.565655] AES CTR mode by8 optimization enabled
[    4.569384] Fusion MPT SPI Host driver 3.04.20
[    4.810789] e1000 0000:00:03.0 eth0: (PCI:33MHz:32-bit) 02:48:37:b8:a5:68
[    4.816191] e1000 0000:00:03.0 eth0: Intel(R) PRO/1000 Network Connection
[    5.642489] e1000 0000:00:08.0 eth1: (PCI:33MHz:32-bit) 08:00:27:f7:24:f8
[    5.643986] e1000 0000:00:08.0 eth1: Intel(R) PRO/1000 Network Connection
[    5.657028] mptbase: ioc0: Initiating bringup
[    5.665338] e1000 0000:00:03.0 enp0s3: renamed from eth0
[    5.695412] e1000 0000:00:08.0 enp0s8: renamed from eth1
[    5.756287] ioc0: LSI53C1030 A0: Capabilities={Initiator}
[    5.999879] scsi host2: ioc0: LSI53C1030 A0, FwRev=00000000h, Ports=1, MaxQ=256, IRQ=20
[    6.258185] scsi 2:0:0:0: Direct-Access     VBOX     HARDDISK         1.0  PQ: 0 ANSI: 5
[    6.296202] scsi target2:0:0: Beginning Domain Validation
[    6.298106] scsi target2:0:0: Domain Validation skipping write tests
[    6.299448] scsi target2:0:0: Ending Domain Validation
[    6.305100] scsi target2:0:0: asynchronous
[    6.306311] scsi 2:0:1:0: Direct-Access     VBOX     HARDDISK         1.0  PQ: 0 ANSI: 5
[    6.336206] scsi target2:0:1: Beginning Domain Validation
[    6.337873] random: fast init done
[    6.357088] scsi target2:0:1: Domain Validation skipping write tests
[    6.359967] scsi target2:0:1: Ending Domain Validation
[    6.362804] scsi target2:0:1: asynchronous
[    6.372732] random: systemd-udevd: uninitialized urandom read (16 bytes read)
[    6.374150] random: systemd-udevd: uninitialized urandom read (16 bytes read)
[    6.378026] sd 2:0:0:0: Attached scsi generic sg0 type 0
[    6.380324] sd 2:0:0:0: [sda] 20971520 512-byte logical blocks: (10.7 GB/10.0 GiB)
[    6.384081] random: systemd-udevd: uninitialized urandom read (16 bytes read)
[    6.385619] sd 2:0:1:0: Attached scsi generic sg1 type 0
[    6.400745] sd 2:0:0:0: [sda] Write Protect is off
[    6.401880] sd 2:0:0:0: [sda] Incomplete mode parameter data
[    6.403030] sd 2:0:0:0: [sda] Assuming drive cache: write through
[    6.409838] sd 2:0:1:0: [sdb] 20480 512-byte logical blocks: (10.5 MB/10.0 MiB)
[    6.413706] sd 2:0:1:0: [sdb] Write Protect is off
[    6.413923]  sda: sda1
[    6.421674] sd 2:0:1:0: [sdb] Incomplete mode parameter data
[    6.423505] sd 2:0:0:0: [sda] Attached SCSI disk
[    6.426872] sd 2:0:1:0: [sdb] Assuming drive cache: write through
[    6.440437] sd 2:0:1:0: [sdb] Attached SCSI disk
Begin: Loading essential drivers ... [    8.497484] raid6: sse2x1   gen()  5882 MB/s
[    8.544043] raid6: sse2x1   xor()  4059 MB/s
[    8.592753] raid6: sse2x2   gen()  7256 MB/s
[    8.647412] raid6: sse2x2   xor()  5456 MB/s
[    8.696985] raid6: sse2x4   gen()  8432 MB/s
[    8.744978] raid6: sse2x4   xor()  5366 MB/s
[    8.792765] raid6: avx2x1   gen() 12216 MB/s
[    8.844054] raid6: avx2x1   xor()  8232 MB/s
[    8.892756] raid6: avx2x2   gen() 14720 MB/s
[    8.941797] raid6: avx2x2   xor()  9233 MB/s
[    8.988219] raid6: avx2x4   gen() 16381 MB/s
[    9.036795] raid6: avx2x4   xor() 10428 MB/s
[    9.037728] raid6: using algorithm avx2x4 gen() 16381 MB/s
[    9.038804] raid6: .... xor() 10428 MB/s, rmw enabled
[    9.041898] raid6: using avx2x2 recovery algorithm
[    9.069091] xor: automatically using best checksumming function   avx       
[    9.096725] async_tx: api initialized (async)
done.
Begin: Running /scripts/init-premount ... done.
Begin: Mounting root file system ... Begin: Running /scripts/local-top ... done.
Begin: Running /scripts/local-premount ... [    9.310667] Btrfs loaded, crc32c=crc32c-intel
Scanning for Btrfs filesystems
done.
Warning: fsck not present, so skipping root file system
[    9.419600] EXT4-fs (sda1): mounted filesystem with ordered data mode. Opts: (null)
done.
Begin: Running /scripts/local-bottom ... done.
Begin: Running /scripts/init-bottom ... done.
[    9.776305] ip_tables: (C) 2000-2006 Netfilter Core Team
[    9.791369] systemd[1]: systemd 237 running in system mode. (+PAM +AUDIT +SELINUX +IMA +APPARMOR +SMACK +SYSVINIT +UTMP +LIBCRYPTSETUP +GCRYPT +GNUTLS +ACL +XZ +LZ4 +SECCOMP +BLKID +ELFUTILS +KMOD -IDN2 +IDN -PCRE2 default-hierarchy=hybrid)
[    9.798251] systemd[1]: Detected virtualization oracle.
[    9.801854] systemd[1]: Detected architecture x86-64.

Welcome to [1mUbuntu 18.04.1 LTS[0m!

[    9.865103] systemd[1]: Set hostname to <ubuntu-xenial>.
[   10.279059] systemd[1]: Set up automount Arbitrary Executable File Formats File System Automount Point.
[[0;32m  OK  [0m] Set up automount Arbitrary Executabâ€¦rmats File System Automount Point.
[   10.358515] systemd[1]: Reached target System Time Synchronized.
[[0;32m  OK  [0m] Reached target System Time Synchronized.
[   10.368047] systemd[1]: Started Forward Password Requests to Wall Directory Watch.
[[0;32m  OK  [0m] Started Forward Password Requests to Wall Directory Watch.
[   10.431005] systemd[1]: Created slice System Slice.
[[0;32m  OK  [0m] Created slice System Slice.
[   10.469349] systemd[1]: Listening on LVM2 poll daemon socket.
[[0;32m  OK  [0m] Listening on LVM2 poll daemon socket.
[   10.503812] systemd[1]: Listening on Journal Socket (/dev/log).
[[0;32m  OK  [0m] Listening on Journal Socket (/dev/log).
[[0;32m  OK  [0m] Listening on Syslog Socket.
[[0;32m  OK  [0m] Created slice system-serial\x2dgetty.slice.
[[0;32m  OK  [0m] Listening on Journal Audit Socket.
[[0;32m  OK  [0m] Listening on LVM2 metadata daemon socket.
[[0;32m  OK  [0m] Listening on udev Kernel Socket.
[[0;32m  OK  [0m] Listening on Device-mapper event daemon FIFOs.
[[0;32m  OK  [0m] Reached target User and Group Name Lookups.
[[0;32m  OK  [0m] Listening on udev Control Socket.
[[0;32m  OK  [0m] Created slice User and Session Slice.
[[0;32m  OK  [0m] Listening on /dev/initctl Compatibility Named Pipe.
[[0;32m  OK  [0m] Reached target Swap.
[[0;32m  OK  [0m] Reached target Slices.
[[0;32m  OK  [0m] Listening on Journal Socket.
         Mounting Kernel Debug File System...
         Starting Nameserver information manager...
         Starting Journal Service...
         Starting Monitoring of LVM2 mirrorsâ€¦ng dmeventd or progress polling...
         Starting Remount Root and Kernel File Systems...
         Starting Create list of required stâ€¦ce nodes for the current kernel...
         Mounting POSIX Message Queue File System...
         Starting Set the console keyboard layout...
[   10.842427] EXT4-fs (sda1): re-mounted. Opts: (null)
         Starting Uncomplicated firewall...
         Starting Load Kernel Modules...
         Starting udev Coldplug all Devices...
         Mounting Huge Pages File System...
[[0;32m  OK  [0m] Mounted Kernel Debug File System.
[[0;32m  OK  [0m] Started Remount Root and Kernel File Systems.
[[0;32m  OK  [0m] Started Create list of required staâ€¦vice nodes for the current kernel.
[[0;32m  OK  [0m] Mounted POSIX Message Queue File System.
[[0;32m  OK  [0m] Started Uncomplicated firewall.
[[0;32m  OK  [0m] Mounted Huge Pages File System.
         Starting Create Static Device Nodes in /dev...
[   11.106267] random: crng init done
[   11.112816] random: 7 urandom warning(s) missed due to ratelimiting
         Starting Initial cloud-init job (pre-networking)...
         Starting Load/Save Random Seed...
[[0;32m  OK  [0m] Started Nameserver information manager.
[[0;32m  OK  [0m] Started udev Coldplug all Devices.
[[0;32m  OK  [0m] Started Load/Save Random Seed.
[[0;32m  OK  [0m] Started Journal Service.
         Starting Flush Journal to Persistent Storage...
[[0;32m  OK  [0m] Started LVM2 metadata daemon.
[[0;32m  OK  [0m] Started Set the console keyboard layout.
[   11.733374] Loading iSCSI transport class v2.0-870.
[[0;32m  OK  [0m] Started Create Static Device Nodes in /dev.
         Starting udev Kernel Device Manager...
[   11.908913] systemd-journald[406]: Received request to flush runtime journal from PID 1
[   12.212396] iscsi: registered transport (tcp)
[[0;32m  OK  [0m] Started udev Kernel Device Manager.
[[0;32m  OK  [0m] Started Dispatch Password Requests to Console Directory Watch.
[[0;32m  OK  [0m] Reached target Local Encrypted Volumes.
[[0;32m  OK  [0m] Started Monitoring of LVM2 mirrors,â€¦sing dmeventd or progress polling.
[[0;32m  OK  [0m] Reached target Local File Systems (Pre).
[[0;32m  OK  [0m] Reached target Local File Systems.
         Starting Tell Plymouth To Write Out Runtime Data...
         Starting Set console font and keymap...
         Starting ebtables ruleset management...
         Starting AppArmor initialization...
[[0;32m  OK  [0m] Started Tell Plymouth To Write Out Runtime Data.
[[0;32m  OK  [0m] Started Set console font and keymap.
[[0;32m  OK  [0m] Started Flush Journal to Persistent Storage.
         Starting Create Volatile Files and Directories...
[[0;32m  OK  [0m] Started ebtables ruleset management.
[[0;32m  OK  [0m] Started Create Volatile Files and Directories.
         Starting Update UTMP about System Boot/Shutdown...
[[0;32m  OK  [0m] Started Update UTMP about System Boot/Shutdown.
[   15.435804] vgdrvHeartbeatInit: Setting up heartbeat to trigger every 2000 milliseconds
[   15.459592] input: Unspecified device as /devices/pci0000:00/0000:00:04.0/input/input6
[   15.506535] vboxguest: misc device minor 55, IRQ 20, I/O port d020, MMIO at 00000000f0400000 (size 0x400000)
[[0;32m  OK  [0m] Found device /dev/ttyS0.
[[0;32m  OK  [0m] Listening on Load/Save RF Kill Switch Status /dev/rfkill Watch.
[   16.211355] RAPL PMU: API unit is 2^-32 Joules, 5 fixed counters, 10737418240 ms ovfl timer
[   16.218730] RAPL PMU: hw unit of domain pp0-core 2^-0 Joules
[   16.225618] RAPL PMU: hw unit of domain package 2^-0 Joules
[   16.229117] RAPL PMU: hw unit of domain dram 2^-0 Joules
[   16.237852] RAPL PMU: hw unit of domain pp1-gpu 2^-0 Joules
[   16.238949] RAPL PMU: hw unit of domain psys 2^-0 Joules
[   16.580963] iscsi: registered transport (iser)
[[0;32m  OK  [0m] Started Load Kernel Modules.
         Starting Apply Kernel Variables...
         Mounting FUSE Control File System...
         Mounting Kernel Configuration File System...
[[0;32m  OK  [0m] Mounted Kernel Configuration File System.
[[0;32m  OK  [0m] Mounted FUSE Control File System.
[[0;32m  OK  [0m] Found device 82540EM Gigabit Ethernâ€¦ler (PRO/1000 MT Desktop Adapter).
[[0;32m  OK  [0m] Found device 82540EM Gigabit Ethernâ€¦ler (PRO/1000 MT Desktop Adapter).
[[0;32m  OK  [0m] Started Apply Kernel Variables.
[[0;32m  OK  [0m] Started AppArmor initialization.
[[0;32m  OK  [0m] Reached target Sound Card.
[   20.757868] cloud-init[428]: Cloud-init v. 18.4-0ubuntu1~18.04.1 running 'init-local' at Sun, 25 Nov 2018 19:51:03 +0000. Up 20.21 seconds.
[[0;32m  OK  [0m] Started Initial cloud-init job (pre-networking).
[[0;32m  OK  [0m] Reached target Network (Pre).
[[0;32m  OK  [0m] Started ifup for enp0s8.
         Starting Network Service...
[[0;32m  OK  [0m] Started ifup for enp0s3.
         Starting Raise network interfaces...
[[0;32m  OK  [0m] Started Network Service.
         Starting Wait for Network to be Configured...
         Starting Network Name Resolution...
         Starting Tell Plymouth To Write Out Runtime Data...
         Starting Network Time Synchronization...
[[0;32m  OK  [0m] Started Tell Plymouth To Write Out Runtime Data.
[[0;32m  OK  [0m] Stopped Network Name Resolution.
         Starting Network Name Resolution...
[[0;32m  OK  [0m] Started Network Time Synchronization.
[[0;32m  OK  [0m] Started Network Name Resolution.
[[0;32m  OK  [0m] Reached target Host and Network Name Lookups.
[[0;32m  OK  [0m] Started Wait for Network to be Configured.
[[0;32m  OK  [0m] Started Raise network interfaces.
[[0;32m  OK  [0m] Reached target Network.
         Starting Initial cloud-init job (metadata service crawler)...
[   24.047684] cloud-init[1087]: Cloud-init v. 18.4-0ubuntu1~18.04.1 running 'init' at Sun, 25 Nov 2018 19:51:06 +0000. Up 23.79 seconds.
[   24.055204] cloud-init[1087]: ci-info: ++++++++++++++++++++++++++++++++++++++Net device info+++++++++++++++++++++++++++++++++++++++
[   24.066509] cloud-init[1087]: ci-info: +--------+------+-----------------------------+---------------+--------+-------------------+
[   24.075421] cloud-init[1087]: ci-info: | Device |  Up  |           Address           |      Mask     | Scope  |     Hw-Address    |
[   24.094608] cloud-init[1087]: ci-info: +--------+------+-----------------------------+---------------+--------+-------------------+
[   24.106537] cloud-init[1087]: ci-info: | enp0s3 | True |          10.0.2.15          | 255.255.255.0 | global | 02:48:37:b8:a5:68 |
[   24.115423] cloud-init[1087]: ci-info: | enp0s3 | True |  fe80::48:37ff:feb8:a568/64 |       .       |  link  | 02:48:37:b8:a5:68 |
[   24.130109] cloud-init[1087]: ci-info: | enp0s8 | True |        192.168.33.10        | 255.255.255.0 | global | 08:00:27:f7:24:f8 |
[   24.145174] cloud-init[1087]: ci-info: | enp0s8 | True | fe80::a00:27ff:fef7:24f8/64 |       .       |  link  | 08:00:27:f7:24:f8 |
[   24.167252] cloud-init[1087]: ci-info: |   lo   | True |          127.0.0.1          |   255.0.0.0   |  host  |         .         |
[   24.173743] cloud-init[1087]: ci-info: |   lo   | True |           ::1/128           |       .       |  host  |         .         |
[   24.195411] cloud-init[1087]: ci-info: +--------+------+-----------------------------+---------------+--------+-------------------+
[   24.214870] cloud-init[1087]: ci-info: ++++++++++++++++++++++++++++Route IPv4 info++++++++++++++++++++++++++++
[   24.236991] cloud-init[1087]: ci-info: +-------+--------------+----------+---------------+-----------+-------+
[   24.247965] cloud-init[1087]: ci-info: | Route | Destination  | Gateway  |    Genmask    | Interface | Flags |
[   24.255787] cloud-init[1087]: ci-info: +-------+--------------+----------+---------------+-----------+-------+
[   24.265905] cloud-init[1087]: ci-info: |   0   |   0.0.0.0    | 10.0.2.2 |    0.0.0.0    |   enp0s3  |   UG  |
[   24.279581] cloud-init[1087]: ci-info: |   1   |   10.0.2.0   | 0.0.0.0  | 255.255.255.0 |   enp0s3  |   U   |
[   24.298661] cloud-init[1087]: ci-info: |   2   | 192.168.33.0 | 0.0.0.0  | 255.255.255.0 |   enp0s8  |   U   |
[   24.315189] cloud-init[1087]: ci-info: +-------+--------------+----------+---------------+-----------+-------+
[   24.340510] cloud-init[1087]: ci-info: +++++++++++++++++++Route IPv6 info+++++++++++++++++++
[   24.413088] cloud-init[1087]: ci-info: +-------+-------------+---------+-----------+-------+
[   24.427384] cloud-init[1087]: ci-info: | Route | Destination | Gateway | Interface | Flags |
[   24.442096] cloud-init[1087]: ci-info: +-------+-------------+---------+-----------+-------+
[   24.448414] cloud-init[1087]: ci-info: |   1   |  fe80::/64  |    ::   |   enp0s8  |   U   |
[   24.456642] cloud-init[1087]: ci-info: |   2   |  fe80::/64  |    ::   |   enp0s3  |   U   |
[   24.465400] cloud-init[1087]: ci-info: |   4   |    local    |    ::   |   enp0s3  |   U   |
[   24.489218] cloud-init[1087]: ci-info: |   5   |    local    |    ::   |   enp0s8  |   U   |
[   24.511323] cloud-init[1087]: ci-info: |   6   |   ff00::/8  |    ::   |   enp0s8  |   U   |
[   24.525088] cloud-init[1087]: ci-info: |   7   |   ff00::/8  |    ::   |   enp0s3  |   U   |
[   24.535455] cloud-init[1087]: ci-info: +-------+-------------+---------+-----------+-------+
[[0;32m  OK  [0m] Started Initial cloud-init job (metadata service crawler).
[[0;32m  OK  [0m] Reached target System Initialization.
         Starting LXD - unix socket.
[[0;32m  OK  [0m] Started Message of the Day.
[[0;32m  OK  [0m] Listening on ACPID Listen Socket.
[[0;32m  OK  [0m] Started resolvconf-pull-resolved.path.
[[0;32m  OK  [0m] Started Discard unused blocks once a week.
[[0;32m  OK  [0m] Started ACPI Events Check.
[[0;32m  OK  [0m] Reached target Paths.
[[0;32m  OK  [0m] Listening on D-Bus System Message Bus Socket.
[[0;32m  OK  [0m] Started Daily apt download activities.
[[0;32m  OK  [0m] Started Clean PHP session files every 30 mins.
         Starting Socket activation for snappy daemon.
[[0;32m  OK  [0m] Started Daily apt upgrade and clean activities.
[[0;32m  OK  [0m] Listening on UUID daemon activation socket.
[[0;32m  OK  [0m] Started Daily Cleanup of Temporary Directories.
[[0;32m  OK  [0m] Reached target Timers.
[[0;32m  OK  [0m] Listening on Open-iSCSI iscsid Socket.
[[0;32m  OK  [0m] Reached target Network is Online.
         Starting Availability of block devices...
[[0;32m  OK  [0m] Reached target Remote File Systems (Pre).
[[0;32m  OK  [0m] Reached target Remote File Systems.
[[0;32m  OK  [0m] Reached target Cloud-config availability.
[[0;32m  OK  [0m] Listening on LXD - unix socket.
[[0;32m  OK  [0m] Listening on Socket activation for snappy daemon.
[[0;32m  OK  [0m] Started Availability of block devices.
[[0;32m  OK  [0m] Reached target Sockets.
[[0;32m  OK  [0m] Reached target Basic System.
         Starting Dispatcher daemon for systemd-networkd...
[[0;32m  OK  [0m] Started Unattended Upgrades Shutdown.
         Starting The Apache HTTP Server...
         Starting Thermal Daemon Service...
[[0;32m  OK  [0m] Started irqbalance daemon.
         Starting MySQL Community Server...
         Starting OpenBSD Secure Shell server...
         Starting LSB: automatic crash report generation...
[[0;32m  OK  [0m] Started Regular background program processing daemon.
         Starting LSB: Record successful boot for GRUB...
         Starting LXD - container startup/shutdown...
         Starting Login Service...
         Starting Accounts Service...
[[0;32m  OK  [0m] Started FUSE filesystem for LXC.
         Starting System Logging Service...
[[0;32m  OK  [0m] Started D-Bus System Message Bus.
[[0;32m  OK  [0m] Started Login Service.
         Starting Permit User Sessions...
         Starting resolvconf-pull-resolved.service...
         Starting Snappy daemon...
[[0;32m  OK  [0m] Started Deferred execution scheduler.
[[0;32m  OK  [0m] Started System Logging Service.
[[0;32m  OK  [0m] Started Permit User Sessions.
[[0;32m  OK  [0m] Started OpenBSD Secure Shell server.
[[0;32m  OK  [0m] Started resolvconf-pull-resolved.service.
[[0;32m  OK  [0m] Started Thermal Daemon Service.
         Starting Terminate Plymouth Boot Screen...
         Starting Hold until boot process finishes up...
[[0;32m  OK  [0m] Started Terminate Plymouth Boot Screen.
[[0;32m  OK  [0m] Started Hold until boot process finishes up.
[[0;32m  OK  [0m] Started Serial Getty on ttyS0.
         Starting Set console scheme...
[[0;32m  OK  [0m] Started Set console scheme.
[[0;32m  OK  [0m] Created slice system-getty.slice.
[[0;32m  OK  [0m] Started Getty on tty1.
[[0;32m  OK  [0m] Reached target Login Prompts.
[[0;32m  OK  [0m] Started LSB: automatic crash report generation.
         Starting Authorization Manager...
[[0;32m  OK  [0m] Started The Apache HTTP Server.
[[0;32m  OK  [0m] Started Dispatcher daemon for systemd-networkd.
[[0;32m  OK  [0m] Started LSB: Record successful boot for GRUB.
[[0;32m  OK  [0m] Created slice User Slice of vagrant.
[[0;32m  OK  [0m] Started Authorization Manager.
[[0;32m  OK  [0m] Started Accounts Service.
         Starting User Manager for UID 1000...
[[0;32m  OK  [0m] Started Session 1 of user vagrant.
[[0;32m  OK  [0m] Started Snappy daemon.
         Starting Wait until snapd is fully seeded...
[[0;32m  OK  [0m] Started Wait until snapd is fully seeded.
         Starting Apply the settings specified in cloud-config...
[[0;32m  OK  [0m] Started User Manager for UID 1000.
[[0;32m  OK  [0m] Started LXD - container startup/shutdown.
[   31.703295] cloud-init[1622]: Cloud-init v. 18.4-0ubuntu1~18.04.1 running 'modules:config' at Sun, 25 Nov 2018 19:51:14 +0000. Up 31.14 seconds.
[[0;32m  OK  [0m] Started Apply the settings specified in cloud-config.
[[0;32m  OK  [0m] Started MySQL Community Server.
[[0;32m  OK  [0m] Reached target Multi-User System.
[[0;32m  OK  [0m] Reached target Graphical Interface.
         Starting Update UTMP about System Runlevel Changes...
         Starting Execute cloud user/final scripts...
[[0;32m  OK  [0m] Started Update UTMP about System Runlevel Changes.
[   33.962349] cloud-init[1757]: Cloud-init v. 18.4-0ubuntu1~18.04.1 running 'modules:final' at Sun, 25 Nov 2018 19:51:16 +0000. Up 33.59 seconds.
[   33.974956] cloud-init[1757]: Cloud-init v. 18.4-0ubuntu1~18.04.1 finished at Sun, 25 Nov 2018 19:51:17 +0000. Datasource DataSourceNoCloud [seed=/dev/sdb][dsmode=net].  Up 33.87 seconds

Ubuntu 18.04.1 LTS ubuntu-xenial ttyS0

ubuntu-xenial login: [[0;32m  OK  [0m] Stopped target Graphical Interface.
[[0;32m  OK  [0m] Stopped target Sound Card.
         Stopping Session 10 of user vagrant.
         Stopping Availability of block devices...
         Stopping Accounts Service...
[[0;32m  OK  [0m] Stopped target Timers.
[[0;32m  OK  [0m] Stopped Daily Cleanup of Temporary Directories.
[[0;32m  OK  [0m] Stopped Daily apt upgrade and clean activities.
[[0;32m  OK  [0m] Stopped Discard unused blocks once a week.
[[0;32m  OK  [0m] Stopped Daily apt download activities.
[[0;32m  OK  [0m] Stopped Clean PHP session files every 30 mins.
[[0;32m  OK  [0m] Stopped target System Time Synchronized.
         Stopping Authorization Manager...
         Stopping Session 9 of user vagrant.
[[0;32m  OK  [0m] Closed Load/Save RF Kill Switch Status /dev/rfkill Watch.
         Stopping User Manager for UID 1000...
[[0;32m  OK  [0m] Stopped Message of the Day.
[[0;32m  OK  [0m] Stopped target Cloud-init target.
[[0;32m  OK  [0m] Stopped Execute cloud user/final scripts.
[[0;32m  OK  [0m] Stopped Apply the settings specified in cloud-config.
[[0;32m  OK  [0m] Stopped target Cloud-config availability.
[[0;32m  OK  [0m] Stopped target Network is Online.
[[0;32m  OK  [0m] Stopped target Multi-User System.
         Stopping LSB: automatic crash report generation...
         Stopping LXD - container startup/shutdown...
         Stopping Regular background program processing daemon...
         Stopping System Logging Service...
         Stopping Deferred execution scheduler...
         Stopping LSB: Record successful boot for GRUB...
[[0;32m  OK  [0m] Stopped target Login Prompts.
         Stopping Serial Getty on ttyS0...
[[0;32m  OK  [0m] Unmounted /var/lib/lxcfs.
[[0;32m  OK  [0m] Stopped Dispatcher daemon for systemd-networkd.
[[0;32m  OK  [0m] Stopped irqbalance daemon.
[[0;32m  OK  [0m] Stopped Snappy daemon.
[[0;32m  OK  [0m] Stopped Serial Getty on ttyS0.
[[0;32m  OK  [0m] Stopped Getty on tty1.
[[0;32m  OK  [0m] Stopped D-Bus System Message Bus.
[[0;32m  OK  [0m] Stopped FUSE filesystem for LXC.
[[0;32m  OK  [0m] Stopped Session 9 of user vagrant.
[[0;32m  OK  [0m] Removed slice system-getty.slice.
[[0;32m  OK  [0m] Removed slice system-serial\x2dgetty.slice.
[[0;32m  OK  [0m] Removed slice User Slice of vagrant.
         Stopping Login Service...
         Stopping Permit User Sessions...
[[0;32m  OK  [0m] Stopped LSB: automatic crash report generation.
[[0;32m  OK  [0m] Stopped LXD - container startup/shutdown.
[[0;32m  OK  [0m] Stopped LSB: Record successful boot for GRUB.
[[0;32m  OK  [0m] Stopped Permit User Sessions.
[[0;32m  OK  [0m] Stopped Unattended Upgrades Shutdown.
[[0;32m  OK  [0m] Stopped Login Service.
[[0;32m  OK  [0m] Stopped target User and Group Name Lookups.
[[0;32m  OK  [0m] Stopped The Apache HTTP Server.
[[0;32m  OK  [0m] Stopped target Remote File Systems.
[[0;32m  OK  [0m] Stopped target Remote File Systems (Pre).
[[0;32m  OK  [0m] Stopped target Host and Network Name Lookups.
[[0;32m  OK  [0m] Stopped MySQL Community Server.
[[0;32m  OK  [0m] Stopped target Network.
         Stopping ifup for enp0s3...
         Stopping ifup for enp0s8...
         Stopping Network Name Resolution...
[[0;32m  OK  [0m] Stopped target Basic System.
[[0;32m  OK  [0m] Stopped target Paths.
[[0;32m  OK  [0m] Stopped ACPI Events Check.
[[0;32m  OK  [0m] Stopped resolvconf-pull-resolved.path.
[[0;32m  OK  [0m] Stopped target Sockets.
[[0;32m  OK  [0m] Closed D-Bus System Message Bus Socket.
[[0;32m  OK  [0m] Closed Socket activation for snappy daemon.
[[0;32m  OK  [0m] Closed UUID daemon activation socket.
[[0;32m  OK  [0m] Closed LXD - unix socket.
[[0;32m  OK  [0m] Closed Open-iSCSI iscsid Socket.
[[0;32m  OK  [0m] Closed ACPID Listen Socket.
[[0;32m  OK  [0m] Closed Syslog Socket.
[[0;32m  OK  [0m] Stopped target Slices.
[[0;32m  OK  [0m] Removed slice User and Session Slice.
[[0;32m  OK  [0m] Stopped target System Initialization.
         Stopping Update UTMP about System Boot/Shutdown...
         Stopping Network Time Synchronization...
         Stopping Load/Save Random Seed...
[[0;32m  OK  [0m] Stopped Initial cloud-init job (metadata service crawler).
         Stopping Raise network interfaces...
[[0;32m  OK  [0m] Stopped target Local Encrypted Volumes.
[[0;32m  OK  [0m] Stopped Forward Password Requests to Wall Directory Watch.
[[0;32m  OK  [0m] Stopped Dispatch Password Requests to Console Directory Watch.
[[0;32m  OK  [0m] Stopped Network Name Resolution.
[[0;32m  OK  [0m] Stopped ifup for enp0s8.
[[0;32m  OK  [0m] Stopped Load/Save Random Seed.
[[0;32m  OK  [0m] Stopped Network Time Synchronization.
[[0;32m  OK  [0m] Stopped Raise network interfaces.
[[0;32m  OK  [0m] Stopped Update UTMP about System Boot/Shutdown.
[[0;32m  OK  [0m] Stopped Create Volatile Files and Directories.
         Stopping Network Service...
[[0;32m  OK  [0m] Stopped Network Service.
[[0;32m  OK  [0m] Stopped ifup for enp0s3.
[[0;32m  OK  [0m] Stopped Apply Kernel Variables.
[[0;32m  OK  [0m] Stopped Load Kernel Modules.
[[0;32m  OK  [0m] Stopped target Local File Systems.
         Unmounting /var/www/html...
         Unmounting /run/user/1000...
[[0;32m  OK  [0m] Stopped target Network (Pre).
[[0;32m  OK  [0m] Stopped Initial cloud-init job (pre-networking).
[[0;32m  OK  [0m] Unmounted /var/www/html.
[[0;32m  OK  [0m] Unmounted /run/user/1000.
[[0;32m  OK  [0m] Stopped target Swap.
[[0;32m  OK  [0m] Reached target Unmount All Filesystems.
[[0;32m  OK  [0m] Stopped target Local File Systems (Pre).
[[0;32m  OK  [0m] Stopped Remount Root and Kernel File Systems.
[[0;32m  OK  [0m] Stopped Create Static Device Nodes in /dev.
[[0;32m  OK  [0m] Reached target Shutdown.
[[0;32m  OK  [0m] Reached target Final Step.
         Starting Power-Off...
         Stopping Monitoring of LVM2 mirrorsâ€¦ng dmeventd or progress polling...
[[0;32m  OK  [0m] Stopped Monitoring of LVM2 mirrors,â€¦sing dmeventd or progress polling.
         Stopping LVM2 metadata daemon...
[[0;32m  OK  [0m] Stopped LVM2 metadata daemon.
[ 3949.728047] reboot: Power down
